// Jest Snapshot v1, https://goo.gl/fbAQLP

exports[`renders correctly 1`] = `
<div
  className="App"
>
  <div
    className="searchBox pt-3 container"
  >
    <form
      className=""
      id="searchForm"
      onSubmit={[Function]}
    >
      <div
        className="form-group"
      >
        <label
          className="form-label"
          htmlFor="formUserName"
        >
          Enter username
        </label>
        <input
          className="form-control"
          id="formUserName"
          name="userName"
          onChange={[Function]}
          placeholder="E.g. 'alex'"
          type="text"
        />
      </div>
      <button
        className="mb-4 btn btn-primary"
        disabled={false}
        type="submit"
      >
        Search
      </button>
    </form>
  </div>
  <div
    className="container"
  >
    <div
      className="row"
    >
      <div
        className="col"
      >
        <div
          className="d-flex flex-column align-items-center border border-secondary  rounded p-3 w-100"
        >
          <h3>
            GitHub
             result
          </h3>
          <div>
            <p>
              No data
            </p>
          </div>
        </div>
      </div>
      <div
        className="col"
      >
        <div
          className="d-flex flex-column align-items-center border border-secondary  rounded p-3 w-100"
        >
          <h3>
            GitLab
             result
          </h3>
          <div>
            <p>
              No data
            </p>
          </div>
        </div>
      </div>
    </div>
  </div>
</div>
`;
